
> pressfit@1.0.0 test
> jest __tests__/unit/series.test.ts

  console.log
    ­ƒöä Iniciando conexi├│n a Supabase...

      at Object.log (__tests__/setup/testSetup.ts:65:17)

node.exe : (node:17272) [DEP0040] DeprecationWarning: The `punycode` module is deprecated. Please use a userland alternative instead.
En Z:\Programas\npm.ps1: 29 Carácter: 3
+   & $NODE_EXE $NPM_CLI_JS $args
+   ~~~~~~~~~~~~~~~~~~~~~~~~~~~~~
    + CategoryInfo          : NotSpecified: ((node:17272) [D...native instead.:String) [], RemoteException
    + FullyQualifiedErrorId : NativeCommandError
 
(Use `node --trace-deprecation ...` to show where the warning was created)
  console.log
    Ô£à Conexi├│n a Supabase establecida

      at Object.log (__tests__/setup/testSetup.ts:74:17)

FAIL __tests__/unit/series.test.ts
  Nivel 1: Series
    Crear Serie
      ├ù deber├¡a crear una serie con peso y repeticiones (1 ms)
      ├ù deber├¡a crear una serie vac├¡a (sin datos)
    Leer Serie
      ├ù deber├¡a obtener una serie por ID
    Actualizar Serie
      ├ù deber├¡a actualizar peso y repeticiones
      ├ù deber├¡a permitir actualizar a valores null
    Eliminar Serie
      ├ù deber├¡a eliminar una serie existente

  ÔùÅ Nivel 1: Series ÔÇ║ Crear Serie ÔÇ║ deber├¡a crear una serie con peso y repeticiones

    No se encontr├│ plantilla de test. Ejecuta TEST_USER_INSERT.sql

    [0m [90m 25 |[39m
     [90m 26 |[39m         [36mif[39m ([33m![39mtemplate [33m||[39m [33m![39mtemplate[33m.[39mrutinas_diarias[33m?[39m[33m.[39mlength) {
    [31m[1m>[22m[39m[90m 27 |[39m             [36mthrow[39m [36mnew[39m [33mError[39m([32m'No se encontr├│ plantilla de test. Ejecuta TEST_USER_INSERT.sql'[39m)[33m;[39m
     [90m    |[39m                   [31m[1m^[22m[39m
     [90m 28 |[39m         }
     [90m 29 |[39m
     [90m 30 |[39m         [36mconst[39m diaConEjercicios [33m=[39m template[33m.[39mrutinas_diarias[33m.[39mfind([0m

      at Object.<anonymous> (__tests__/unit/series.test.ts:27:19)
      at asyncGeneratorStep (node_modules/@babel/runtime/helpers/asyncToGenerator.js:3:17)
      at _next (node_modules/@babel/runtime/helpers/asyncToGenerator.js:17:9)

  ÔùÅ Nivel 1: Series ÔÇ║ Crear Serie ÔÇ║ deber├¡a crear una serie vac├¡a (sin datos)

    No se encontr├│ plantilla de test. Ejecuta TEST_USER_INSERT.sql

    [0m [90m 25 |[39m
     [90m 26 |[39m         [36mif[39m ([33m![39mtemplate [33m||[39m [33m![39mtemplate[33m.[39mrutinas_diarias[33m?[39m[33m.[39mlength) {
    [31m[1m>[22m[39m[90m 27 |[39m             [36mthrow[39m [36mnew[39m [33mError[39m([32m'No se encontr├│ plantilla de test. Ejecuta TEST_USER_INSERT.sql'[39m)[33m;[39m
     [90m    |[39m                   [31m[1m^[22m[39m
     [90m 28 |[39m         }
     [90m 29 |[39m
     [90m 30 |[39m         [36mconst[39m diaConEjercicios [33m=[39m template[33m.[39mrutinas_diarias[33m.[39mfind([0m

      at Object.<anonymous> (__tests__/unit/series.test.ts:27:19)
      at asyncGeneratorStep (node_modules/@babel/runtime/helpers/asyncToGenerator.js:3:17)
      at _next (node_modules/@babel/runtime/helpers/asyncToGenerator.js:17:9)

  ÔùÅ Nivel 1: Series ÔÇ║ Leer Serie ÔÇ║ deber├¡a obtener una serie por ID

    No se encontr├│ plantilla de test. Ejecuta TEST_USER_INSERT.sql

    [0m [90m 25 |[39m
     [90m 26 |[39m         [36mif[39m ([33m![39mtemplate [33m||[39m [33m![39mtemplate[33m.[39mrutinas_diarias[33m?[39m[33m.[39mlength) {
    [31m[1m>[22m[39m[90m 27 |[39m             [36mthrow[39m [36mnew[39m [33mError[39m([32m'No se encontr├│ plantilla de test. Ejecuta TEST_USER_INSERT.sql'[39m)[33m;[39m
     [90m    |[39m                   [31m[1m^[22m[39m
     [90m 28 |[39m         }
     [90m 29 |[39m
     [90m 30 |[39m         [36mconst[39m diaConEjercicios [33m=[39m template[33m.[39mrutinas_diarias[33m.[39mfind([0m

      at Object.<anonymous> (__tests__/unit/series.test.ts:27:19)
      at asyncGeneratorStep (node_modules/@babel/runtime/helpers/asyncToGenerator.js:3:17)
      at _next (node_modules/@babel/runtime/helpers/asyncToGenerator.js:17:9)

  ÔùÅ Nivel 1: Series ÔÇ║ Actualizar Serie ÔÇ║ deber├¡a actualizar peso y repeticiones

    No se encontr├│ plantilla de test. Ejecuta TEST_USER_INSERT.sql

    [0m [90m 25 |[39m
     [90m 26 |[39m         [36mif[39m ([33m![39mtemplate [33m||[39m [33m![39mtemplate[33m.[39mrutinas_diarias[33m?[39m[33m.[39mlength) {
    [31m[1m>[22m[39m[90m 27 |[39m             [36mthrow[39m [36mnew[39m [33mError[39m([32m'No se encontr├│ plantilla de test. Ejecuta TEST_USER_INSERT.sql'[39m)[33m;[39m
     [90m    |[39m                   [31m[1m^[22m[39m
     [90m 28 |[39m         }
     [90m 29 |[39m
     [90m 30 |[39m         [36mconst[39m diaConEjercicios [33m=[39m template[33m.[39mrutinas_diarias[33m.[39mfind([0m

      at Object.<anonymous> (__tests__/unit/series.test.ts:27:19)
      at asyncGeneratorStep (node_modules/@babel/runtime/helpers/asyncToGenerator.js:3:17)
      at _next (node_modules/@babel/runtime/helpers/asyncToGenerator.js:17:9)

  ÔùÅ Nivel 1: Series ÔÇ║ Actualizar Serie ÔÇ║ deber├¡a permitir actualizar a valores null

    No se encontr├│ plantilla de test. Ejecuta TEST_USER_INSERT.sql

    [0m [90m 25 |[39m
     [90m 26 |[39m         [36mif[39m ([33m![39mtemplate [33m||[39m [33m![39mtemplate[33m.[39mrutinas_diarias[33m?[39m[33m.[39mlength) {
    [31m[1m>[22m[39m[90m 27 |[39m             [36mthrow[39m [36mnew[39m [33mError[39m([32m'No se encontr├│ plantilla de test. Ejecuta TEST_USER_INSERT.sql'[39m)[33m;[39m
     [90m    |[39m                   [31m[1m^[22m[39m
     [90m 28 |[39m         }
     [90m 29 |[39m
     [90m 30 |[39m         [36mconst[39m diaConEjercicios [33m=[39m template[33m.[39mrutinas_diarias[33m.[39mfind([0m

      at Object.<anonymous> (__tests__/unit/series.test.ts:27:19)
      at asyncGeneratorStep (node_modules/@babel/runtime/helpers/asyncToGenerator.js:3:17)
      at _next (node_modules/@babel/runtime/helpers/asyncToGenerator.js:17:9)

  ÔùÅ Nivel 1: Series ÔÇ║ Eliminar Serie ÔÇ║ deber├¡a eliminar una serie existente

    No se encontr├│ plantilla de test. Ejecuta TEST_USER_INSERT.sql

    [0m [90m 25 |[39m
     [90m 26 |[39m         [36mif[39m ([33m![39mtemplate [33m||[39m [33m![39mtemplate[33m.[39mrutinas_diarias[33m?[39m[33m.[39mlength) {
    [31m[1m>[22m[39m[90m 27 |[39m             [36mthrow[39m [36mnew[39m [33mError[39m([32m'No se encontr├│ plantilla de test. Ejecuta TEST_USER_INSERT.sql'[39m)[33m;[39m
     [90m    |[39m                   [31m[1m^[22m[39m
     [90m 28 |[39m         }
     [90m 29 |[39m
     [90m 30 |[39m         [36mconst[39m diaConEjercicios [33m=[39m template[33m.[39mrutinas_diarias[33m.[39mfind([0m

      at Object.<anonymous> (__tests__/unit/series.test.ts:27:19)
      at asyncGeneratorStep (node_modules/@babel/runtime/helpers/asyncToGenerator.js:3:17)
      at _next (node_modules/@babel/runtime/helpers/asyncToGenerator.js:17:9)

Test Suites: 1 failed, 1 total
Tests:       6 failed, 6 total
Snapshots:   0 total
Time:        1.463 s, estimated 2 s
Ran all test suites matching /__tests__\\unit\\series.test.ts/i.
